A51 MACRO ASSEMBLER  MAIN                                                                 04/30/2023 14:25:10 PAGE     1


MACRO ASSEMBLER A51 V8.2.7.0
OBJECT MODULE PLACED IN .\Objects\main.obj
ASSEMBLER INVOKED BY: C:\Keil_v5\C51\BIN\A51.EXE main.asm SET(SMALL) DEBUG PRINT(.\Listings\main.lst) OBJECT(.\Objects\m
                      ain.obj) EP

LOC  OBJ            LINE     SOURCE

0000                   1     org 00h
0000 0200AE            2     ljmp main
0003                   3     org 0003H
0003 020058            4     ljmp pause
0013                   5     org 0013h
0013 02005F            6     ljmp reset
0016                   7     Cong1:
0016 120045            8             lcall Delay1ms
0019 3090FD            9             jnb P1.0, $
001C 0B               10             inc R3
001D BB0A4A           11             cjne R3, #10, dem
0020 7B00             12             mov R3, #0
0022 0A               13             inc R2
0023 22               14     ret
0024                  15     Tru1:
0024 120045           16             lcall Delay1ms
0027 3091FD           17             jnb P1.1, $
002A 1B               18             dec R3
002B BB003C           19             cjne R3, #0, dem
002E 7B09             20             mov R3, #9
0030 1A               21             dec R2
0031 22               22     ret
0032                  23     Delay2_49ms:
0032 758901           24             mov TMOD, #01H
0035 758CF7           25             mov TH0, #0F7H
0038 758A09           26             mov TL0, #09H
003B D28C             27             setb TR0
003D 308DFD           28             jnb TF0, $
0040 C28D             29             clr TF0
0042 C28C             30             clr TR0
0044 22               31     ret
0045                  32     Delay1ms:
0045 758901           33             mov TMOD, #01H
0048 758CFC           34             mov TH0, #0FCH
004B 758A67           35             mov TL0, #67H
004E D28C             36             setb TR0
0050 308DFD           37             jnb TF0, $
0053 C28D             38             clr TF0
0055 C28C             39             clr TR0
0057 22               40     ret
0058                  41     pause:
0058 0E               42             inc R6
0059 BE0202           43             cjne R6, #2, out
005C 7E00             44             mov R6, #0
005E                  45             out:
005E 32               46     reti
005F                  47     reset:
005F 7E00             48             mov R6, #0
0061 7D00             49             mov R5, #0
0063 7C00             50             mov R4, #0
0065 7B00             51             mov R3, #0
0067 7A00             52             mov R2, #0
0069 32               53     reti
006A                  54     dem:
006A 75B08F           55             mov P3, #8Fh
006D 8DA0             56             mov P2, R5
006F 120032           57             lcall Delay2_49ms
A51 MACRO ASSEMBLER  MAIN                                                                 04/30/2023 14:25:10 PAGE     2

0072 75B04F           58             mov P3, #4Fh
0075 8CA0             59             mov P2, R4
0077 120032           60             lcall Delay2_49ms
007A 75B02F           61             mov P3, #2Fh
007D 8BA0             62             mov P2, R3
007F 120032           63             lcall Delay2_49ms
0082 75B01F           64             mov P3, #1Fh
0085 8AA0             65             mov P2, R2
0087 120032           66             lcall Delay2_49ms
008A 309089           67             jnb P1.0, Cong1
008D 309194           68             jnb P1.1, Tru1
0090 BE0102           69             cjne R6, #1, up
0093 80D5             70     jmp dem
0095                  71     up:
0095 0D               72             inc R5
0096 BD0AD1           73             cjne R5, #10, dem
0099 7D00             74             mov R5, #0
009B 0C               75             inc R4
009C BC0ACB           76             cjne R4, #10, dem
009F 7C00             77             mov R4, #0
00A1 0B               78             inc R3
00A2 BB0AC5           79             cjne R3, #10,dem
00A5 7B00             80             mov R3, #0
00A7 0A               81             inc R2
00A8 BA0ABF           82             cjne R2, #10, dem
00AB 7A00             83             mov R2, #0
00AD 22               84     ret
00AE                  85     main:
00AE 75A885           86             mov IE, #85h
00B1 D28A             87             setb IT1
00B3 D288             88             setb IT0
                      89             
00B5 7E00             90             mov R6, #0
00B7 7D00             91             mov R5, #0
00B9 7C00             92             mov R4, #0
00BB 7B00             93             mov R3, #0
00BD 7A00             94             mov R2, #0
                      95             
00BF                  96             loop:
00BF 12006A           97                     lcall dem
00C2 80FB             98             sjmp loop
                      99             
                     100     end
                                     
A51 MACRO ASSEMBLER  MAIN                                                                 04/30/2023 14:25:10 PAGE     3

SYMBOL TABLE LISTING
------ ----- -------


N A M E             T Y P E  V A L U E   ATTRIBUTES

CONG1. . . . . . .  C ADDR   0016H   A   
DELAY1MS . . . . .  C ADDR   0045H   A   
DELAY2_49MS. . . .  C ADDR   0032H   A   
DEM. . . . . . . .  C ADDR   006AH   A   
IE . . . . . . . .  D ADDR   00A8H   A   
IT0. . . . . . . .  B ADDR   0088H.0 A   
IT1. . . . . . . .  B ADDR   0088H.2 A   
LOOP . . . . . . .  C ADDR   00BFH   A   
MAIN . . . . . . .  C ADDR   00AEH   A   
OUT. . . . . . . .  C ADDR   005EH   A   
P1 . . . . . . . .  D ADDR   0090H   A   
P2 . . . . . . . .  D ADDR   00A0H   A   
P3 . . . . . . . .  D ADDR   00B0H   A   
PAUSE. . . . . . .  C ADDR   0058H   A   
RESET. . . . . . .  C ADDR   005FH   A   
TF0. . . . . . . .  B ADDR   0088H.5 A   
TH0. . . . . . . .  D ADDR   008CH   A   
TL0. . . . . . . .  D ADDR   008AH   A   
TMOD . . . . . . .  D ADDR   0089H   A   
TR0. . . . . . . .  B ADDR   0088H.4 A   
TRU1 . . . . . . .  C ADDR   0024H   A   
UP . . . . . . . .  C ADDR   0095H   A   


REGISTER BANK(S) USED: 0 


ASSEMBLY COMPLETE.  0 WARNING(S), 0 ERROR(S)
